+ ffprobe -v error -show_entries format=duration -of default=nk=1:nw=1 hearframe-grand-v4/ask/media/segment-world_different.mp4
+ ffprobe -v error -show_entries format=duration -of default=nk=1:nw=1 hearframe-grand-v4/ask/media/segment-change_people.mp4
+ ffprobe -v error -show_entries format=duration -of default=nk=1:nw=1 hearframe-grand-v4/ask/media/segment-ask_what_you_can_do.mp4
+ ffprobe -v error -show_entries format=duration -of default=nk=1:nw=1 hearframe-grand-v4/ask/media/segment-you_can.mp4
+ ffprobe -v error -show_entries format=duration -of default=nk=1:nw=1 hearframe-grand-v4/ask/media/segment-begin-ai-v1.mp4
+ ffmpeg -hide_banner -nostdin -i hearframe-grand-v4/ask/media/segment-world_different.mp4 -vn -af volumedetect -f null -
+ ffmpeg -hide_banner -nostdin -i hearframe-grand-v4/ask/media/segment-change_people.mp4 -vn -af volumedetect -f null -
+ ffmpeg -hide_banner -nostdin -i hearframe-grand-v4/ask/media/segment-ask_what_you_can_do.mp4 -vn -af volumedetect -f null -
+ ffmpeg -hide_banner -nostdin -i hearframe-grand-v4/ask/media/segment-you_can.mp4 -vn -af volumedetect -f null -
+ ffmpeg -hide_banner -nostdin -i hearframe-grand-v4/ask/media/segment-begin-ai-v1.mp4 -vn -af volumedetect -f null -
+ ffmpeg -y -hide_banner -nostdin -i hearframe-grand-v4/ask/media/segment-world_different.mp4 -i hearframe-grand-v4/ask/media/segment-change_people.mp4 -i hearframe-grand-v4/ask/media/segment-ask_what_you_can_do.mp4 -i hearframe-grand-v4/ask/media/segment-you_can.mp4 -i hearframe-grand-v4/ask/media/segment-begin-ai-v1.mp4 -filter_complex [0:v]scale=1280:720:force_original_aspect_ratio=decrease,pad=1280:720:(ow-iw)/2:(oh-ih)/2:black,setsar=1,fps=30,settb=AVTB,setpts=(PTS-STARTPTS)/1.0800[v0];[0:a]aresample=48000,atempo=1.0800,volume=-6.000dB,asetpts=PTS-STARTPTS[a0];[1:v]scale=1280:720:force_original_aspect_ratio=decrease,pad=1280:720:(ow-iw)/2:(oh-ih)/2:black,setsar=1,fps=30,settb=AVTB,setpts=(PTS-STARTPTS)/1.0800[v1];[1:a]aresample=48000,atempo=1.0800,volume=6.000dB,asetpts=PTS-STARTPTS[a1];[2:v]scale=1280:720:force_original_aspect_ratio=decrease,pad=1280:720:(ow-iw)/2:(oh-ih)/2:black,setsar=1,fps=30,settb=AVTB,setpts=(PTS-STARTPTS)/0.9200[v2];[2:a]aresample=48000,atempo=0.9200,volume=-1.500dB,asetpts=PTS-STARTPTS[a2];[3:v]scale=1280:720:force_original_aspect_ratio=decrease,pad=1280:720:(ow-iw)/2:(oh-ih)/2:black,setsar=1,fps=30,settb=AVTB,setpts=(PTS-STARTPTS)/0.9500[v3];[3:a]aresample=48000,atempo=0.9500,volume=6.000dB,asetpts=PTS-STARTPTS[a3];[4:v]scale=1280:720:force_original_aspect_ratio=decrease,pad=1280:720:(ow-iw)/2:(oh-ih)/2:black,setsar=1,fps=30,settb=AVTB,setpts=(PTS-STARTPTS)/1.0047[v4];[4:a]aresample=48000,atempo=1.0047,volume=0.000dB,asetpts=PTS-STARTPTS[a4];[v0][v1][v2][v3][v4]concat=n=5:v=1:a=0,fps=30,setpts=PTS-STARTPTS[vout];[a0][a1]acrossfade=d=0.0250:c1=qsin:c2=qsin[ax1];[ax1][a2]acrossfade=d=0.0250:c1=qsin:c2=qsin[ax2];[ax2][a3]acrossfade=d=0.0250:c1=qsin:c2=qsin[ax3];[ax3][a4]acrossfade=d=0.0250:c1=qsin:c2=qsin[ax4];[ax4]apad=whole_dur=7.933333,atrim=duration=7.933333,asetpts=PTS-STARTPTS[aout] -map [vout] -map [aout] -c:v libx264 -preset veryfast -crf 21 -profile:v main -level 3.1 -pix_fmt yuv420p -bf 0 -g 30 -r 30 -c:a aac -b:a 128k -ar 48000 -ac 2 -movflags +faststart -video_track_timescale 90000 hearframe-grand-v4/ask/media/answer-long-demo.mp4
+ ffmpeg -v error -nostdin -i hearframe-grand-v4/ask/media/answer-long-demo.mp4 -f null -
+ ffprobe -v error -show_entries stream=codec_type,codec_name,width,height -show_entries format=duration -of json hearframe-grand-v4/ask/media/answer-long-demo.mp4
{
  "version": "long-answer-qa-v0.4",
  "text": "The world is very different now. Change only happens when ordinary people get involved. Ask what you can do. You can begin.",
  "wordCount": 22,
  "segments": [
    "world_different",
    "change_people",
    "ask_what_you_can_do",
    "you_can",
    "begin"
  ],
  "roles": [
    "body",
    "body",
    "body",
    "conclusion",
    "conclusion"
  ],
  "chunkTypes": [
    "sentence",
    "sentence",
    "sentence",
    "phrase",
    "word"
  ],
  "segmentCount": 5,
  "conclusion": "You can begin.",
  "hasConclusion": true,
  "sourceOrderIndependent": true,
  "singleWordSegments": [
    "begin"
  ],
  "singleWordPrecisionGate": "passed",
  "precisionOverlay": "precision/long-answer-word-refinements.json",
  "rawDurations": [
    1.871,
    4.233333,
    1.268,
    0.333333,
    0.533333
  ],
  "rawWordsPerSecond": [
    3.207,
    1.89,
    3.943,
    6.0,
    1.875
  ],
  "targetWordsPerSecond": 3.575,
  "speedFactors": [
    1.08,
    1.08,
    0.92,
    0.95,
    1.0047
  ],
  "adjustedDurations": [
    1.7324,
    3.9198,
    1.3783,
    0.3509,
    0.5308
  ],
  "adjustedWordsPerSecond": [
    3.463,
    2.041,
    3.628,
    5.7,
    1.884
  ],
  "sourceMeansDbFS": [
    -16.9,
    -31.2,
    -23.1,
    -32.5,
    -24.6
  ],
  "appliedGainDb": [
    -6.0,
    6.0,
    -1.5,
    6.0,
    0.0
  ],
  "crossfadeMs": [
    25.0,
    25.0,
    25.0,
    25.0
  ],
  "duration": 7.933,
  "fullDecode": "pass",
  "normalizedVideo": "1280x720",
  "corpusVersionAfterBuild": "ask-v0.4",
  "alignment": "WhisperX phoneme/CTC forced alignment (WAV2VEC2_ASR_LARGE_LV60K_960H); known human-gold overrides preserved",
  "probe": {
    "programs": [],
    "streams": [
      {
        "codec_name": "h264",
        "codec_type": "video",
        "width": 1280,
        "height": 720
      },
      {
        "codec_name": "aac",
        "codec_type": "audio"
      }
    ],
    "format": {
      "duration": "7.933000"
    }
  },
  "pass": true
}
