+ ffprobe -v error -show_entries format=duration -of default=nk=1:nw=1 hearframe-grand-v4/ask/media/segment-world_different.mp4
+ ffprobe -v error -show_entries format=duration -of default=nk=1:nw=1 hearframe-grand-v4/ask/media/segment-change_people.mp4
+ ffprobe -v error -show_entries format=duration -of default=nk=1:nw=1 hearframe-grand-v4/ask/media/segment-ask_what_you_can_do.mp4
+ ffprobe -v error -show_entries format=duration -of default=nk=1:nw=1 hearframe-grand-v4/ask/media/segment-you_can.mp4
+ ffprobe -v error -show_entries format=duration -of default=nk=1:nw=1 hearframe-grand-v4/ask/media/segment-begin-ai-v1.mp4
+ ffmpeg -hide_banner -nostdin -i hearframe-grand-v4/ask/media/segment-world_different.mp4 -vn -af volumedetect -f null -
+ ffmpeg -hide_banner -nostdin -i hearframe-grand-v4/ask/media/segment-change_people.mp4 -vn -af volumedetect -f null -
+ ffmpeg -hide_banner -nostdin -i hearframe-grand-v4/ask/media/segment-ask_what_you_can_do.mp4 -vn -af volumedetect -f null -
+ ffmpeg -hide_banner -nostdin -i hearframe-grand-v4/ask/media/segment-you_can.mp4 -vn -af volumedetect -f null -
+ ffmpeg -hide_banner -nostdin -i hearframe-grand-v4/ask/media/segment-begin-ai-v1.mp4 -vn -af volumedetect -f null -
+ ffmpeg -y -hide_banner -nostdin -i hearframe-grand-v4/ask/media/segment-world_different.mp4 -i hearframe-grand-v4/ask/media/segment-change_people.mp4 -i hearframe-grand-v4/ask/media/segment-ask_what_you_can_do.mp4 -i hearframe-grand-v4/ask/media/segment-you_can.mp4 -i hearframe-grand-v4/ask/media/segment-begin-ai-v1.mp4 -filter_complex [0:v]scale=1280:720:force_original_aspect_ratio=decrease,pad=1280:720:(ow-iw)/2:(oh-ih)/2:black,setsar=1,fps=30,settb=AVTB,setpts=(PTS-STARTPTS)/1.0800[v0];[0:a]aresample=48000,atempo=1.0800,volume=-6.000dB,asetpts=PTS-STARTPTS[a0];[1:v]scale=1280:720:force_original_aspect_ratio=decrease,pad=1280:720:(ow-iw)/2:(oh-ih)/2:black,setsar=1,fps=30,settb=AVTB,setpts=(PTS-STARTPTS)/1.0800[v1];[1:a]aresample=48000,atempo=1.0800,volume=6.000dB,asetpts=PTS-STARTPTS[a1];[2:v]scale=1280:720:force_original_aspect_ratio=decrease,pad=1280:720:(ow-iw)/2:(oh-ih)/2:black,setsar=1,fps=30,settb=AVTB,setpts=(PTS-STARTPTS)/0.9200[v2];[2:a]aresample=48000,atempo=0.9200,volume=-1.500dB,asetpts=PTS-STARTPTS[a2];[3:v]scale=1280:720:force_original_aspect_ratio=decrease,pad=1280:720:(ow-iw)/2:(oh-ih)/2:black,setsar=1,fps=30,settb=AVTB,setpts=(PTS-STARTPTS)/0.9500[v3];[3:a]aresample=48000,atempo=0.9500,volume=6.000dB,asetpts=PTS-STARTPTS[a3];[4:v]scale=1280:720:force_original_aspect_ratio=decrease,pad=1280:720:(ow-iw)/2:(oh-ih)/2:black,setsar=1,fps=30,settb=AVTB,setpts=(PTS-STARTPTS)/1.0047[v4];[4:a]aresample=48000,atempo=1.0047,volume=0.000dB,asetpts=PTS-STARTPTS[a4];[v0][v1][v2][v3][v4]concat=n=5:v=1:a=0,fps=30,setpts=PTS-STARTPTS[vout];[a0][a1]acrossfade=d=0.0250:c1=qsin:c2=qsin[ax1];[ax1][a2]acrossfade=d=0.0250:c1=qsin:c2=qsin[ax2];[ax2][a3]acrossfade=d=0.0250:c1=qsin:c2=qsin[ax3];[ax3][a4]acrossfade=d=0.0250:c1=qsin:c2=qsin[ax4];[ax4]apad=whole_dur=7.933333,atrim=duration=7.933333,asetpts=PTS-STARTPTS[aout] -map [vout] -map [aout] -c:v libx264 -preset veryfast -crf 21 -profile:v main -level 3.1 -pix_fmt yuv420p -bf 0 -g 30 -r 30 -c:a aac -b:a 128k -ar 48000 -ac 2 -movflags +faststart -video_track_timescale 90000 hearframe-grand-v4/ask/media/answer-long-demo.mp4
+ ffmpeg -v error -nostdin -i hearframe-grand-v4/ask/media/answer-long-demo.mp4 -f null -
+ ffprobe -v error -show_entries stream=codec_type,codec_name,width,height -show_entries format=duration -of json hearframe-grand-v4/ask/media/answer-long-demo.mp4
+ ffprobe -v error -show_entries format=duration -of default=nk=1:nw=1 hearframe-grand-v4/ask/media/segment-progress_uneven.mp4
+ ffprobe -v error -show_entries format=duration -of default=nk=1:nw=1 hearframe-grand-v4/ask/media/segment-world_different.mp4
+ ffprobe -v error -show_entries format=duration -of default=nk=1:nw=1 hearframe-grand-v4/ask/media/segment-change_people.mp4
+ ffprobe -v error -show_entries format=duration -of default=nk=1:nw=1 hearframe-grand-v4/ask/media/segment-you_can.mp4
+ ffprobe -v error -show_entries format=duration -of default=nk=1:nw=1 hearframe-grand-v4/ask/media/segment-begin-ai-v1.mp4
+ ffmpeg -hide_banner -nostdin -i hearframe-grand-v4/ask/media/segment-progress_uneven.mp4 -vn -af volumedetect -f null -
+ ffmpeg -hide_banner -nostdin -i hearframe-grand-v4/ask/media/segment-world_different.mp4 -vn -af volumedetect -f null -
+ ffmpeg -hide_banner -nostdin -i hearframe-grand-v4/ask/media/segment-change_people.mp4 -vn -af volumedetect -f null -
+ ffmpeg -hide_banner -nostdin -i hearframe-grand-v4/ask/media/segment-you_can.mp4 -vn -af volumedetect -f null -
+ ffmpeg -hide_banner -nostdin -i hearframe-grand-v4/ask/media/segment-begin-ai-v1.mp4 -vn -af volumedetect -f null -
+ ffmpeg -y -hide_banner -nostdin -i hearframe-grand-v4/ask/media/segment-progress_uneven.mp4 -i hearframe-grand-v4/ask/media/segment-world_different.mp4 -i hearframe-grand-v4/ask/media/segment-change_people.mp4 -i hearframe-grand-v4/ask/media/segment-you_can.mp4 -i hearframe-grand-v4/ask/media/segment-begin-ai-v1.mp4 -filter_complex [0:v]scale=1280:720:force_original_aspect_ratio=decrease,pad=1280:720:(ow-iw)/2:(oh-ih)/2:black,setsar=1,fps=30,settb=AVTB,setpts=(PTS-STARTPTS)/1.0800[v0];[0:a]aresample=48000,atempo=1.0800,volume=5.100dB,asetpts=PTS-STARTPTS[a0];[1:v]scale=1280:720:force_original_aspect_ratio=decrease,pad=1280:720:(ow-iw)/2:(oh-ih)/2:black,setsar=1,fps=30,settb=AVTB,setpts=(PTS-STARTPTS)/0.9200[v1];[1:a]aresample=48000,atempo=0.9200,volume=-6.000dB,asetpts=PTS-STARTPTS[a1];[2:v]scale=1280:720:force_original_aspect_ratio=decrease,pad=1280:720:(ow-iw)/2:(oh-ih)/2:black,setsar=1,fps=30,settb=AVTB,setpts=(PTS-STARTPTS)/1.0800[v2];[2:a]aresample=48000,atempo=1.0800,volume=0.000dB,asetpts=PTS-STARTPTS[a2];[3:v]scale=1280:720:force_original_aspect_ratio=decrease,pad=1280:720:(ow-iw)/2:(oh-ih)/2:black,setsar=1,fps=30,settb=AVTB,setpts=(PTS-STARTPTS)/0.9500[v3];[3:a]aresample=48000,atempo=0.9500,volume=1.300dB,asetpts=PTS-STARTPTS[a3];[4:v]scale=1280:720:force_original_aspect_ratio=decrease,pad=1280:720:(ow-iw)/2:(oh-ih)/2:black,setsar=1,fps=30,settb=AVTB,setpts=(PTS-STARTPTS)/1.0047[v4];[4:a]aresample=48000,atempo=1.0047,volume=-6.000dB,asetpts=PTS-STARTPTS[a4];[v0][v1][v2][v3][v4]concat=n=5:v=1:a=0,fps=30,setpts=PTS-STARTPTS[vout];[a0][a1]acrossfade=d=0.0250:c1=qsin:c2=qsin[ax1];[ax1][a2]acrossfade=d=0.0250:c1=qsin:c2=qsin[ax2];[ax2][a3]acrossfade=d=0.0250:c1=qsin:c2=qsin[ax3];[ax3][a4]acrossfade=d=0.0250:c1=qsin:c2=qsin[ax4];[ax4]apad=whole_dur=9.100000,atrim=duration=9.100000,asetpts=PTS-STARTPTS[aout] -map [vout] -map [aout] -c:v libx264 -preset veryfast -crf 21 -profile:v main -level 3.1 -pix_fmt yuv420p -bf 0 -g 30 -r 30 -c:a aac -b:a 128k -ar 48000 -ac 2 -movflags +faststart -video_track_timescale 90000 hearframe-grand-v4/ask/media/answer-long-progress.mp4
+ ffmpeg -v error -nostdin -i hearframe-grand-v4/ask/media/answer-long-progress.mp4 -f null -
+ ffprobe -v error -show_entries stream=codec_type,codec_name,width,height -show_entries format=duration -of json hearframe-grand-v4/ask/media/answer-long-progress.mp4
+ ffprobe -v error -show_entries format=duration -of default=nk=1:nw=1 hearframe-grand-v4/ask/media/segment-world_different.mp4
+ ffprobe -v error -show_entries format=duration -of default=nk=1:nw=1 hearframe-grand-v4/ask/media/segment-ask_what_you_can_do.mp4
+ ffprobe -v error -show_entries format=duration -of default=nk=1:nw=1 hearframe-grand-v4/ask/media/segment-change_people.mp4
+ ffprobe -v error -show_entries format=duration -of default=nk=1:nw=1 hearframe-grand-v4/ask/media/segment-we_have_what_we_need.mp4
+ ffmpeg -hide_banner -nostdin -i hearframe-grand-v4/ask/media/segment-world_different.mp4 -vn -af volumedetect -f null -
+ ffmpeg -hide_banner -nostdin -i hearframe-grand-v4/ask/media/segment-ask_what_you_can_do.mp4 -vn -af volumedetect -f null -
+ ffmpeg -hide_banner -nostdin -i hearframe-grand-v4/ask/media/segment-change_people.mp4 -vn -af volumedetect -f null -
+ ffmpeg -hide_banner -nostdin -i hearframe-grand-v4/ask/media/segment-we_have_what_we_need.mp4 -vn -af volumedetect -f null -
+ ffmpeg -y -hide_banner -nostdin -i hearframe-grand-v4/ask/media/segment-world_different.mp4 -i hearframe-grand-v4/ask/media/segment-ask_what_you_can_do.mp4 -i hearframe-grand-v4/ask/media/segment-change_people.mp4 -i hearframe-grand-v4/ask/media/segment-we_have_what_we_need.mp4 -filter_complex [0:v]scale=1280:720:force_original_aspect_ratio=decrease,pad=1280:720:(ow-iw)/2:(oh-ih)/2:black,setsar=1,fps=30,settb=AVTB,setpts=(PTS-STARTPTS)/1.0800[v0];[0:a]aresample=48000,atempo=1.0800,volume=-6.000dB,asetpts=PTS-STARTPTS[a0];[1:v]scale=1280:720:force_original_aspect_ratio=decrease,pad=1280:720:(ow-iw)/2:(oh-ih)/2:black,setsar=1,fps=30,settb=AVTB,setpts=(PTS-STARTPTS)/0.9200[v1];[1:a]aresample=48000,atempo=0.9200,volume=-4.050dB,asetpts=PTS-STARTPTS[a1];[2:v]scale=1280:720:force_original_aspect_ratio=decrease,pad=1280:720:(ow-iw)/2:(oh-ih)/2:black,setsar=1,fps=30,settb=AVTB,setpts=(PTS-STARTPTS)/1.0800[v2];[2:a]aresample=48000,atempo=1.0800,volume=4.050dB,asetpts=PTS-STARTPTS[a2];[3:v]scale=1280:720:force_original_aspect_ratio=decrease,pad=1280:720:(ow-iw)/2:(oh-ih)/2:black,setsar=1,fps=30,settb=AVTB,setpts=(PTS-STARTPTS)/0.9200[v3];[3:a]aresample=48000,atempo=0.9200,volume=6.000dB,asetpts=PTS-STARTPTS[a3];[v0][v1][v2][v3]concat=n=4:v=1:a=0,fps=30,setpts=PTS-STARTPTS[vout];[a0][a1]acrossfade=d=0.0250:c1=qsin:c2=qsin[ax1];[ax1][a2]acrossfade=d=0.0250:c1=qsin:c2=qsin[ax2];[ax2][a3]acrossfade=d=0.0250:c1=qsin:c2=qsin[ax3];[ax3]apad=whole_dur=7.933333,atrim=duration=7.933333,asetpts=PTS-STARTPTS[aout] -map [vout] -map [aout] -c:v libx264 -preset veryfast -crf 21 -profile:v main -level 3.1 -pix_fmt yuv420p -bf 0 -g 30 -r 30 -c:a aac -b:a 128k -ar 48000 -ac 2 -movflags +faststart -video_track_timescale 90000 hearframe-grand-v4/ask/media/answer-long-action.mp4
+ ffmpeg -v error -nostdin -i hearframe-grand-v4/ask/media/answer-long-action.mp4 -f null -
+ ffprobe -v error -show_entries stream=codec_type,codec_name,width,height -show_entries format=duration -of json hearframe-grand-v4/ask/media/answer-long-action.mp4
+ ffprobe -v error -show_entries format=duration -of default=nk=1:nw=1 hearframe-grand-v4/ask/media/segment-change_people.mp4
+ ffprobe -v error -show_entries format=duration -of default=nk=1:nw=1 hearframe-grand-v4/ask/media/segment-progress_uneven.mp4
+ ffprobe -v error -show_entries format=duration -of default=nk=1:nw=1 hearframe-grand-v4/ask/media/segment-world_different.mp4
+ ffprobe -v error -show_entries format=duration -of default=nk=1:nw=1 hearframe-grand-v4/ask/media/segment-we_have_what_we_need.mp4
+ ffmpeg -hide_banner -nostdin -i hearframe-grand-v4/ask/media/segment-change_people.mp4 -vn -af volumedetect -f null -
+ ffmpeg -hide_banner -nostdin -i hearframe-grand-v4/ask/media/segment-progress_uneven.mp4 -vn -af volumedetect -f null -
+ ffmpeg -hide_banner -nostdin -i hearframe-grand-v4/ask/media/segment-world_different.mp4 -vn -af volumedetect -f null -
+ ffmpeg -hide_banner -nostdin -i hearframe-grand-v4/ask/media/segment-we_have_what_we_need.mp4 -vn -af volumedetect -f null -
+ ffmpeg -y -hide_banner -nostdin -i hearframe-grand-v4/ask/media/segment-change_people.mp4 -i hearframe-grand-v4/ask/media/segment-progress_uneven.mp4 -i hearframe-grand-v4/ask/media/segment-world_different.mp4 -i hearframe-grand-v4/ask/media/segment-we_have_what_we_need.mp4 -filter_complex [0:v]scale=1280:720:force_original_aspect_ratio=decrease,pad=1280:720:(ow-iw)/2:(oh-ih)/2:black,setsar=1,fps=30,settb=AVTB,setpts=(PTS-STARTPTS)/1.0800[v0];[0:a]aresample=48000,atempo=1.0800,volume=-2.550dB,asetpts=PTS-STARTPTS[a0];[1:v]scale=1280:720:force_original_aspect_ratio=decrease,pad=1280:720:(ow-iw)/2:(oh-ih)/2:black,setsar=1,fps=30,settb=AVTB,setpts=(PTS-STARTPTS)/1.0800[v1];[1:a]aresample=48000,atempo=1.0800,volume=2.550dB,asetpts=PTS-STARTPTS[a1];[2:v]scale=1280:720:force_original_aspect_ratio=decrease,pad=1280:720:(ow-iw)/2:(oh-ih)/2:black,setsar=1,fps=30,settb=AVTB,setpts=(PTS-STARTPTS)/0.9200[v2];[2:a]aresample=48000,atempo=0.9200,volume=-6.000dB,asetpts=PTS-STARTPTS[a2];[3:v]scale=1280:720:force_original_aspect_ratio=decrease,pad=1280:720:(ow-iw)/2:(oh-ih)/2:black,setsar=1,fps=30,settb=AVTB,setpts=(PTS-STARTPTS)/0.9200[v3];[3:a]aresample=48000,atempo=0.9200,volume=2.850dB,asetpts=PTS-STARTPTS[a3];[v0][v1][v2][v3]concat=n=4:v=1:a=0,fps=30,setpts=PTS-STARTPTS[vout];[a0][a1]acrossfade=d=0.0250:c1=qsin:c2=qsin[ax1];[ax1][a2]acrossfade=d=0.0250:c1=qsin:c2=qsin[ax2];[ax2][a3]acrossfade=d=0.0250:c1=qsin:c2=qsin[ax3];[ax3]apad=whole_dur=9.100000,atrim=duration=9.100000,asetpts=PTS-STARTPTS[aout] -map [vout] -map [aout] -c:v libx264 -preset veryfast -crf 21 -profile:v main -level 3.1 -pix_fmt yuv420p -bf 0 -g 30 -r 30 -c:a aac -b:a 128k -ar 48000 -ac 2 -movflags +faststart -video_track_timescale 90000 hearframe-grand-v4/ask/media/answer-long-resolve.mp4
+ ffmpeg -v error -nostdin -i hearframe-grand-v4/ask/media/answer-long-resolve.mp4 -f null -
+ ffprobe -v error -show_entries stream=codec_type,codec_name,width,height -show_entries format=duration -of json hearframe-grand-v4/ask/media/answer-long-resolve.mp4
+ ffprobe -v error -show_entries format=duration -of default=nk=1:nw=1 hearframe-grand-v4/ask/media/segment-world_different.mp4
+ ffprobe -v error -show_entries format=duration -of default=nk=1:nw=1 hearframe-grand-v4/ask/media/segment-progress_uneven.mp4
+ ffprobe -v error -show_entries format=duration -of default=nk=1:nw=1 hearframe-grand-v4/ask/media/segment-change_people.mp4
+ ffprobe -v error -show_entries format=duration -of default=nk=1:nw=1 hearframe-grand-v4/ask/media/segment-ask_what_you_can_do.mp4
+ ffmpeg -hide_banner -nostdin -i hearframe-grand-v4/ask/media/segment-world_different.mp4 -vn -af volumedetect -f null -
+ ffmpeg -hide_banner -nostdin -i hearframe-grand-v4/ask/media/segment-progress_uneven.mp4 -vn -af volumedetect -f null -
+ ffmpeg -hide_banner -nostdin -i hearframe-grand-v4/ask/media/segment-change_people.mp4 -vn -af volumedetect -f null -
+ ffmpeg -hide_banner -nostdin -i hearframe-grand-v4/ask/media/segment-ask_what_you_can_do.mp4 -vn -af volumedetect -f null -
+ ffmpeg -y -hide_banner -nostdin -i hearframe-grand-v4/ask/media/segment-world_different.mp4 -i hearframe-grand-v4/ask/media/segment-progress_uneven.mp4 -i hearframe-grand-v4/ask/media/segment-change_people.mp4 -i hearframe-grand-v4/ask/media/segment-ask_what_you_can_do.mp4 -filter_complex [0:v]scale=1280:720:force_original_aspect_ratio=decrease,pad=1280:720:(ow-iw)/2:(oh-ih)/2:black,setsar=1,fps=30,settb=AVTB,setpts=(PTS-STARTPTS)/0.9200[v0];[0:a]aresample=48000,atempo=0.9200,volume=-6.000dB,asetpts=PTS-STARTPTS[a0];[1:v]scale=1280:720:force_original_aspect_ratio=decrease,pad=1280:720:(ow-iw)/2:(oh-ih)/2:black,setsar=1,fps=30,settb=AVTB,setpts=(PTS-STARTPTS)/1.0800[v1];[1:a]aresample=48000,atempo=1.0800,volume=6.000dB,asetpts=PTS-STARTPTS[a1];[2:v]scale=1280:720:force_original_aspect_ratio=decrease,pad=1280:720:(ow-iw)/2:(oh-ih)/2:black,setsar=1,fps=30,settb=AVTB,setpts=(PTS-STARTPTS)/1.0800[v2];[2:a]aresample=48000,atempo=1.0800,volume=4.050dB,asetpts=PTS-STARTPTS[a2];[3:v]scale=1280:720:force_original_aspect_ratio=decrease,pad=1280:720:(ow-iw)/2:(oh-ih)/2:black,setsar=1,fps=30,settb=AVTB,setpts=(PTS-STARTPTS)/0.9200[v3];[3:a]aresample=48000,atempo=0.9200,volume=-4.050dB,asetpts=PTS-STARTPTS[a3];[v0][v1][v2][v3]concat=n=4:v=1:a=0,fps=30,setpts=PTS-STARTPTS[vout];[a0][a1]acrossfade=d=0.0250:c1=qsin:c2=qsin[ax1];[ax1][a2]acrossfade=d=0.0250:c1=qsin:c2=qsin[ax2];[ax2][a3]acrossfade=d=0.0250:c1=qsin:c2=qsin[ax3];[ax3]apad=whole_dur=9.566667,atrim=duration=9.566667,asetpts=PTS-STARTPTS[aout] -map [vout] -map [aout] -c:v libx264 -preset veryfast -crf 21 -profile:v main -level 3.1 -pix_fmt yuv420p -bf 0 -g 30 -r 30 -c:a aac -b:a 128k -ar 48000 -ac 2 -movflags +faststart -video_track_timescale 90000 hearframe-grand-v4/ask/media/answer-long-question.mp4
+ ffmpeg -v error -nostdin -i hearframe-grand-v4/ask/media/answer-long-question.mp4 -f null -
+ ffprobe -v error -show_entries stream=codec_type,codec_name,width,height -show_entries format=duration -of json hearframe-grand-v4/ask/media/answer-long-question.mp4
{
  "version": "long-answer-qa-v0.6",
  "planCount": 5,
  "allLong": true,
  "allConcluded": true,
  "uniqueTexts": 5,
  "uniqueMedia": 5,
  "precisionVersion": "long-answer-word-refinement-v1.3.1",
  "plans": [
    {
      "id": "long-demo",
      "text": "The world is very different now. Change only happens when ordinary people get involved. Ask what you can do. You can begin.",
      "wordCount": 22,
      "conclusion": "You can begin.",
      "chunkTypes": [
        "sentence",
        "sentence",
        "sentence",
        "phrase",
        "word"
      ],
      "speedFactors": [
        1.08,
        1.08,
        0.92,
        0.95,
        1.0047
      ],
      "duration": 7.933,
      "rawWordsPerSecond": [
        3.207,
        1.89,
        3.943,
        6.0,
        1.875
      ],
      "targetWordsPerSecond": 3.575,
      "appliedGainDb": [
        -6.0,
        6.0,
        -1.5,
        6.0,
        0.0
      ],
      "crossfadeMs": [
        25.0,
        25.0,
        25.0,
        25.0
      ],
      "fullDecode": "pass",
      "probe": {
        "programs": [],
        "streams": [
          {
            "codec_name": "h264",
            "codec_type": "video",
            "width": 1280,
            "height": 720
          },
          {
            "codec_name": "aac",
            "codec_type": "audio"
          }
        ],
        "format": {
          "duration": "7.933000"
        }
      }
    },
    {
      "id": "long-progress",
      "text": "Yes, our progress has been uneven. The world is very different now. Change only happens when ordinary people get involved. You can begin.",
      "wordCount": 23,
      "conclusion": "You can begin.",
      "chunkTypes": [
        "sentence",
        "sentence",
        "sentence",
        "phrase",
        "word"
      ],
      "speedFactors": [
        1.08,
        0.92,
        1.08,
        0.95,
        1.0047
      ],
      "duration": 9.1,
      "rawWordsPerSecond": [
        2.5,
        3.207,
        1.89,
        6.0,
        1.875
      ],
      "targetWordsPerSecond": 2.853,
      "appliedGainDb": [
        5.1,
        -6.0,
        0.0,
        1.3,
        -6.0
      ],
      "crossfadeMs": [
        25.0,
        25.0,
        25.0,
        25.0
      ],
      "fullDecode": "pass",
      "probe": {
        "programs": [],
        "streams": [
          {
            "codec_name": "h264",
            "codec_type": "video",
            "width": 1280,
            "height": 720
          },
          {
            "codec_name": "aac",
            "codec_type": "audio"
          }
        ],
        "format": {
          "duration": "9.100000"
        }
      }
    },
    {
      "id": "long-action",
      "text": "The world is very different now. Ask what you can do. Change only happens when ordinary people get involved. We need to do so.",
      "wordCount": 24,
      "conclusion": "We need to do so.",
      "chunkTypes": [
        "sentence",
        "sentence",
        "sentence",
        "sentence"
      ],
      "speedFactors": [
        1.08,
        0.92,
        1.08,
        0.92
      ],
      "duration": 7.933333,
      "rawWordsPerSecond": [
        3.207,
        3.943,
        1.89,
        6.0
      ],
      "targetWordsPerSecond": 3.575,
      "appliedGainDb": [
        -6.0,
        -4.05,
        4.05,
        6.0
      ],
      "crossfadeMs": [
        25.0,
        25.0,
        25.0
      ],
      "fullDecode": "pass",
      "probe": {
        "programs": [],
        "streams": [
          {
            "codec_name": "h264",
            "codec_type": "video",
            "width": 1280,
            "height": 720
          },
          {
            "codec_name": "aac",
            "codec_type": "audio"
          }
        ],
        "format": {
          "duration": "7.933333"
        }
      }
    },
    {
      "id": "long-resolve",
      "text": "Change only happens when ordinary people get involved. Yes, our progress has been uneven. The world is very different now. We need to do so.",
      "wordCount": 25,
      "conclusion": "We need to do so.",
      "chunkTypes": [
        "sentence",
        "sentence",
        "sentence",
        "sentence"
      ],
      "speedFactors": [
        1.08,
        1.08,
        0.92,
        0.92
      ],
      "duration": 9.1,
      "rawWordsPerSecond": [
        1.89,
        2.5,
        3.207,
        6.0
      ],
      "targetWordsPerSecond": 2.853,
      "appliedGainDb": [
        -2.55,
        2.55,
        -6.0,
        2.85
      ],
      "crossfadeMs": [
        25.0,
        25.0,
        25.0
      ],
      "fullDecode": "pass",
      "probe": {
        "programs": [],
        "streams": [
          {
            "codec_name": "h264",
            "codec_type": "video",
            "width": 1280,
            "height": 720
          },
          {
            "codec_name": "aac",
            "codec_type": "audio"
          }
        ],
        "format": {
          "duration": "9.100000"
        }
      }
    },
    {
      "id": "long-question",
      "text": "The world is very different now. Yes, our progress has been uneven. Change only happens when ordinary people get involved. Ask what you can do.",
      "wordCount": 25,
      "conclusion": "Ask what you can do.",
      "chunkTypes": [
        "sentence",
        "sentence",
        "sentence",
        "sentence"
      ],
      "speedFactors": [
        0.92,
        1.08,
        1.08,
        0.92
      ],
      "duration": 9.566,
      "rawWordsPerSecond": [
        3.207,
        2.5,
        1.89,
        3.943
      ],
      "targetWordsPerSecond": 2.853,
      "appliedGainDb": [
        -6.0,
        6.0,
        4.05,
        -4.05
      ],
      "crossfadeMs": [
        25.0,
        25.0,
        25.0
      ],
      "fullDecode": "pass",
      "probe": {
        "programs": [],
        "streams": [
          {
            "codec_name": "h264",
            "codec_type": "video",
            "width": 1280,
            "height": 720
          },
          {
            "codec_name": "aac",
            "codec_type": "audio"
          }
        ],
        "format": {
          "duration": "9.566000"
        }
      }
    }
  ],
  "pass": true
}
