[1/131] ref-00102 REJECT fewer_than_3_aligned_region_frames_decoded
[2/131] ref-00101 REVIEW visible_speaker_not_consistently_machine_verified
[3/131] ref-00104 REVIEW strong_machine_candidate_pending_manual_frame_review
[4/131] ref-00105 REVIEW strong_machine_candidate_pending_manual_frame_review
[5/131] ref-00106 REJECT fewer_than_3_aligned_region_frames_decoded
[6/131] ref-00107 REVIEW manual_frame_review_required
[7/131] ref-00110 REVIEW visible_speaker_not_consistently_machine_verified
[8/131] ref-00119 REVIEW strong_machine_candidate_pending_manual_frame_review
[9/131] ref-00120 REVIEW strong_machine_candidate_pending_manual_frame_review
[10/131] ref-00122 REVIEW strong_machine_candidate_pending_manual_frame_review
[11/131] ref-00126 REJECT fewer_than_3_aligned_region_frames_decoded
[12/131] ref-00128 REJECT fewer_than_3_aligned_region_frames_decoded
[13/131] ref-00129 REVIEW visible_speaker_not_consistently_machine_verified
[14/131] ref-00131 REVIEW visible_speaker_not_consistently_machine_verified
[15/131] ref-00133 REVIEW strong_machine_candidate_pending_manual_frame_review
[16/131] ref-00134 REVIEW visible_speaker_not_consistently_machine_verified
[17/131] ref-00137 REVIEW strong_machine_candidate_pending_manual_frame_review
[18/131] ref-00141 REVIEW strong_machine_candidate_pending_manual_frame_review
[19/131] ref-00144 REJECT fewer_than_3_aligned_region_frames_decoded
[20/131] ref-00145 REJECT fewer_than_3_aligned_region_frames_decoded
[21/131] ref-00146 REVIEW visible_speaker_not_consistently_machine_verified
[22/131] ref-00147 REVIEW strong_machine_candidate_pending_manual_frame_review
[23/131] ref-00148 REJECT fewer_than_3_aligned_region_frames_decoded
[24/131] ref-00149 REVIEW strong_machine_candidate_pending_manual_frame_review
[25/131] ref-00156 REVIEW visible_speaker_not_consistently_machine_verified
[26/131] ref-00157 REJECT fewer_than_3_aligned_region_frames_decoded
[27/131] ref-00162 REVIEW low_detail_or_soft_source
[28/131] ref-00164 REVIEW strong_machine_candidate_pending_manual_frame_review
[29/131] ref-00166 REJECT fewer_than_3_aligned_region_frames_decoded
[30/131] ref-00169 REVIEW strong_machine_candidate_pending_manual_frame_review
[31/131] ref-00170 REVIEW visible_speaker_not_consistently_machine_verified
[32/131] ref-00171 REJECT fewer_than_3_aligned_region_frames_decoded
[33/131] ref-00172 REVIEW strong_machine_candidate_pending_manual_frame_review
[34/131] ref-00174 REVIEW strong_machine_candidate_pending_manual_frame_review
[35/131] ref-00175 REVIEW visible_speaker_not_consistently_machine_verified
[36/131] ref-00177 REVIEW strong_machine_candidate_pending_manual_frame_review
[37/131] ref-00179 REVIEW visible_speaker_not_consistently_machine_verified
[38/131] ref-00180 REVIEW visible_speaker_not_consistently_machine_verified
[39/131] ref-00181 REJECT fewer_than_3_aligned_region_frames_decoded
[40/131] ref-00182 REJECT fewer_than_3_aligned_region_frames_decoded
[41/131] ref-00188 REVIEW visible_speaker_not_consistently_machine_verified
[42/131] ref-00196 REVIEW strong_machine_candidate_pending_manual_frame_review
[43/131] ref-00197 REVIEW strong_machine_candidate_pending_manual_frame_review
[44/131] ref-00198 REVIEW visible_speaker_not_consistently_machine_verified
[45/131] ref-00200 REJECT fewer_than_3_aligned_region_frames_decoded
[46/131] ref-00203 REJECT fewer_than_3_aligned_region_frames_decoded
[47/131] ref-00206 REJECT fewer_than_3_aligned_region_frames_decoded
[48/131] ref-00208 REJECT fewer_than_3_aligned_region_frames_decoded
[49/131] ref-00209 REVIEW strong_machine_candidate_pending_manual_frame_review
[50/131] ref-00210 REVIEW strong_machine_candidate_pending_manual_frame_review
