+ curl --fail --location --silent --show-error --retry 10 --retry-delay 8 --retry-all-errors --user-agent HearframePrototype/2.0 (MFA alignment QA; github.com/jamshih/html) https://upload.wikimedia.org/wikipedia/commons/transcoded/2/23/20170110_President_Obama_Farewell_Speech_HD.webm/20170110_President_Obama_Farewell_Speech_HD.webm.360p.vp9.webm -o /tmp/hearframe-mfa/obama.webm
 
+ curl --fail --location --silent --show-error --retry 10 --retry-delay 8 --retry-all-errors --user-agent HearframePrototype/2.0 (MFA alignment QA; github.com/jamshih/html) https://upload.wikimedia.org/wikipedia/commons/transcoded/7/74/John_F._Kennedy_Inauguration_Speech.ogv/John_F._Kennedy_Inauguration_Speech.ogv.360p.vp9.webm -o /tmp/hearframe-mfa/jfk.webm
 
+ ffmpeg -y -hide_banner -loglevel error -ss 0.9 -i /tmp/hearframe-mfa/obama.webm -t 1.3000000000000003 -ac 1 -ar 16000 -c:a pcm_s16le /tmp/hearframe-mfa/hello.wav
 
+ mfa align_one /tmp/hearframe-mfa/hello.wav /tmp/hearframe-mfa/hello.txt english_us_arpa english_us_arpa hearframe-grand-v4/ask/mfa-diagnostic/hello.json --output_format json --clean
 
+ ffmpeg -y -hide_banner -loglevel error -ss 121.0 -i /tmp/hearframe-mfa/jfk.webm -t 3.0999999999999943 -ac 1 -ar 16000 -c:a pcm_s16le /tmp/hearframe-mfa/world.wav
 
+ mfa align_one /tmp/hearframe-mfa/world.wav /tmp/hearframe-mfa/world.txt english_us_arpa english_us_arpa hearframe-grand-v4/ask/mfa-diagnostic/world.json --output_format json --clean
 
+ ffmpeg -y -hide_banner -loglevel error -ss 227.6 -i /tmp/hearframe-mfa/obama.webm -t 4.75 -ac 1 -ar 16000 -c:a pcm_s16le /tmp/hearframe-mfa/change.wav
 
+ mfa align_one /tmp/hearframe-mfa/change.wav /tmp/hearframe-mfa/change.txt english_us_arpa english_us_arpa hearframe-grand-v4/ask/mfa-diagnostic/change.json --output_format json --clean
 
+ ffmpeg -y -hide_banner -loglevel error -ss 841.0 -i /tmp/hearframe-mfa/jfk.webm -t 4.600000000000023 -ac 1 -ar 16000 -c:a pcm_s16le /tmp/hearframe-mfa/agency.wav
 
+ mfa align_one /tmp/hearframe-mfa/agency.wav /tmp/hearframe-mfa/agency.txt english_us_arpa english_us_arpa hearframe-grand-v4/ask/mfa-diagnostic/agency.json --output_format json --clean
 
{
  "hello": {
    "returncode": 0,
    "stdout": "",
    "stderr": "",
    "outputExists": true,
    "contextStart": 0.9,
    "text": "Hello Chicago",
    "raw": {
      "start": 0,
      "end": 1.3,
      "tiers": {
        "words": {
          "type": "IntervalTier",
          "entries": [
            [
              0.0,
              0.36,
              "<eps>"
            ],
            [
              0.36,
              0.65,
              "hello"
            ],
            [
              0.65,
              0.81,
              "<eps>"
            ],
            [
              0.81,
              1.27,
              "chicago"
            ],
            [
              1.27,
              1.3,
              "<eps>"
            ]
          ]
        },
        "phones": {
          "type": "IntervalTier",
          "entries": [
            [
              0.0,
              0.36,
              "sil"
            ],
            [
              0.36,
              0.39,
              "HH"
            ],
            [
              0.39,
              0.47,
              "EH0"
            ],
            [
              0.47,
              0.54,
              "L"
            ],
            [
              0.54,
              0.65,
              "OW1"
            ],
            [
              0.65,
              0.81,
              "sil"
            ],
            [
              0.81,
              0.84,
              "SH"
            ],
            [
              0.84,
              0.87,
              "AH0"
            ],
            [
              0.87,
              0.92,
              "K"
            ],
            [
              0.92,
              0.95,
              "AA1"
            ],
            [
              0.95,
              1.07,
              "G"
            ],
            [
              1.07,
              1.27,
              "OW2"
            ],
            [
              1.27,
              1.3,
              "sil"
            ]
          ]
        }
      }
    }
  },
  "world": {
    "returncode": 0,
    "stdout": "",
    "stderr": "",
    "outputExists": true,
    "contextStart": 121.0,
    "text": "The world is very different now",
    "raw": {
      "start": 0,
      "end": 3.1,
      "tiers": {
        "words": {
          "type": "IntervalTier",
          "entries": [
            [
              0.0,
              1.16,
              "<eps>"
            ],
            [
              1.16,
              1.28,
              "the"
            ],
            [
              1.28,
              1.77,
              "world"
            ],
            [
              1.77,
              1.91,
              "is"
            ],
            [
              1.91,
              2.23,
              "very"
            ],
            [
              2.23,
              2.61,
              "different"
            ],
            [
              2.61,
              3.07,
              "now"
            ],
            [
              3.07,
              3.1,
              "<eps>"
            ]
          ]
        },
        "phones": {
          "type": "IntervalTier",
          "entries": [
            [
              0.0,
              1.16,
              "sil"
            ],
            [
              1.16,
              1.21,
              "DH"
            ],
            [
              1.21,
              1.28,
              "AH1"
            ],
            [
              1.28,
              1.37,
              "W"
            ],
            [
              1.37,
              1.67,
              "ER1"
            ],
            [
              1.67,
              1.74,
              "L"
            ],
            [
              1.74,
              1.77,
              "D"
            ],
            [
              1.77,
              1.87,
              "IH1"
            ],
            [
              1.87,
              1.91,
              "Z"
            ],
            [
              1.91,
              1.99,
              "V"
            ],
            [
              1.99,
              2.07,
              "EH1"
            ],
            [
              2.07,
              2.15,
              "R"
            ],
            [
              2.15,
              2.23,
              "IY0"
            ],
            [
              2.23,
              2.3,
              "D"
            ],
            [
              2.3,
              2.37,
              "IH1"
            ],
            [
              2.37,
              2.47,
              "F"
            ],
            [
              2.47,
              2.5,
              "R"
            ],
            [
              2.5,
              2.53,
              "AH0"
            ],
            [
              2.53,
              2.56,
              "N"
            ],
            [
              2.56,
              2.61,
              "T"
            ],
            [
              2.61,
              2.67,
              "N"
            ],
            [
              2.67,
              3.07,
              "AW1"
            ],
            [
              3.07,
              3.1,
              "sil"
            ]
          ]
        }
      }
    }
  },
  "change": {
    "returncode": 0,
    "stdout": "",
    "stderr": "",
    "outputExists": true,
    "contextStart": 227.6,
    "text": "change only happens when ordinary people get involved",
    "raw": {
      "start": 0,
      "end": 4.75,
      "tiers": {
        "words": {
          "type": "IntervalTier",
          "entries": [
            [
              0.0,
              0.38,
              "<eps>"
            ],
            [
              0.38,
              0.77,
              "change"
            ],
            [
              0.77,
              1.05,
              "only"
            ],
            [
              1.05,
              1.65,
              "happens"
            ],
            [
              1.65,
              2.92,
              "<eps>"
            ],
            [
              2.92,
              3.07,
              "when"
            ],
            [
              3.07,
              3.56,
              "ordinary"
            ],
            [
              3.56,
              3.87,
              "people"
            ],
            [
              3.87,
              4.07,
              "get"
            ],
            [
              4.07,
              4.63,
              "involved"
            ],
            [
              4.63,
              4.75,
              "<eps>"
            ]
          ]
        },
        "phones": {
          "type": "IntervalTier",
          "entries": [
            [
              0.0,
              0.38,
              "sil"
            ],
            [
              0.38,
              0.48,
              "CH"
            ],
            [
              0.48,
              0.68,
              "EY1"
            ],
            [
              0.68,
              0.71,
              "N"
            ],
            [
              0.71,
              0.77,
              "JH"
            ],
            [
              0.77,
              0.92,
              "OW1"
            ],
            [
              0.92,
              0.96,
              "N"
            ],
            [
              0.96,
              1.01,
              "L"
            ],
            [
              1.01,
              1.05,
              "IY0"
            ],
            [
              1.05,
              1.09,
              "HH"
            ],
            [
              1.09,
              1.28,
              "AE1"
            ],
            [
              1.28,
              1.36,
              "P"
            ],
            [
              1.36,
              1.39,
              "AH0"
            ],
            [
              1.39,
              1.47,
              "N"
            ],
            [
              1.47,
              1.65,
              "Z"
            ],
            [
              1.65,
              2.92,
              "sil"
            ],
            [
              2.92,
              2.96,
              "HH"
            ],
            [
              2.96,
              2.99,
              "W"
            ],
            [
              2.99,
              3.03,
              "EH1"
            ],
            [
              3.03,
              3.07,
              "N"
            ],
            [
              3.07,
              3.25,
              "AO1"
            ],
            [
              3.25,
              3.3,
              "R"
            ],
            [
              3.3,
              3.33,
              "D"
            ],
            [
              3.33,
              3.36,
              "AH0"
            ],
            [
              3.36,
              3.4,
              "N"
            ],
            [
              3.4,
              3.43,
              "EH2"
            ],
            [
              3.43,
              3.51,
              "R"
            ],
            [
              3.51,
              3.56,
              "IY0"
            ],
            [
              3.56,
              3.65,
              "P"
            ],
            [
              3.65,
              3.74,
              "IY1"
            ],
            [
              3.74,
              3.81,
              "P"
            ],
            [
              3.81,
              3.84,
              "AH0"
            ],
            [
              3.84,
              3.87,
              "L"
            ],
            [
              3.87,
              3.96,
              "G"
            ],
            [
              3.96,
              4.04,
              "IH1"
            ],
            [
              4.04,
              4.07,
              "T"
            ],
            [
              4.07,
              4.11,
              "IH0"
            ],
            [
              4.11,
              4.18,
              "N"
            ],
            [
              4.18,
              4.22,
              "V"
            ],
            [
              4.22,
              4.41,
              "AA1"
            ],
            [
              4.41,
              4.48,
              "L"
            ],
            [
              4.48,
              4.58,
              "V"
            ],
            [
              4.58,
              4.63,
              "D"
            ],
            [
              4.63,
              4.75,
              "sil"
            ]
          ]
        }
      }
    }
  },
  "agency": {
    "returncode": 0,
    "stdout": "",
    "stderr": "",
    "outputExists": true,
    "contextStart": 841.0,
    "text": "ask what you can do for your country",
    "raw": {
      "start": 0,
      "end": 4.6,
      "tiers": {
        "words": {
          "type": "IntervalTier",
          "entries": [
            [
              0.0,
              1.07,
              "<eps>"
            ],
            [
              1.07,
              1.43,
              "ask"
            ],
            [
              1.43,
              1.49,
              "<eps>"
            ],
            [
              1.49,
              1.79,
              "what"
            ],
            [
              1.79,
              2.03,
              "you"
            ],
            [
              2.03,
              2.29,
              "can"
            ],
            [
              2.29,
              2.51,
              "do"
            ],
            [
              2.51,
              2.65,
              "for"
            ],
            [
              2.65,
              2.87,
              "your"
            ],
            [
              2.87,
              3.33,
              "country"
            ],
            [
              3.33,
              4.6,
              "<eps>"
            ]
          ]
        },
        "phones": {
          "type": "IntervalTier",
          "entries": [
            [
              0.0,
              1.07,
              "sil"
            ],
            [
              1.07,
              1.34,
              "AE1"
            ],
            [
              1.34,
              1.4,
              "S"
            ],
            [
              1.4,
              1.43,
              "K"
            ],
            [
              1.43,
              1.49,
              "sil"
            ],
            [
              1.49,
              1.52,
              "HH"
            ],
            [
              1.52,
              1.55,
              "W"
            ],
            [
              1.55,
              1.62,
              "AH1"
            ],
            [
              1.62,
              1.79,
              "T"
            ],
            [
              1.79,
              1.84,
              "Y"
            ],
            [
              1.84,
              2.03,
              "UW1"
            ],
            [
              2.03,
              2.14,
              "K"
            ],
            [
              2.14,
              2.2,
              "AH0"
            ],
            [
              2.2,
              2.29,
              "N"
            ],
            [
              2.29,
              2.34,
              "D"
            ],
            [
              2.34,
              2.51,
              "UW1"
            ],
            [
              2.51,
              2.6,
              "F"
            ],
            [
              2.6,
              2.65,
              "ER0"
            ],
            [
              2.65,
              2.73,
              "Y"
            ],
            [
              2.73,
              2.81,
              "AO1"
            ],
            [
              2.81,
              2.87,
              "R"
            ],
            [
              2.87,
              2.99,
              "K"
            ],
            [
              2.99,
              3.04,
              "AH1"
            ],
            [
              3.04,
              3.14,
              "N"
            ],
            [
              3.14,
              3.2,
              "T"
            ],
            [
              3.2,
              3.24,
              "R"
            ],
            [
              3.24,
              3.33,
              "IY0"
            ],
            [
              3.33,
              4.6,
              "sil"
            ]
          ]
        }
      }
    }
  }
}
